]0;~/Documents/columbia/S2019/Computing/midterm[?1034hChristians-MacBook-Pro-2:midterm christianpascual$ [KChristians-MacBook-Pro-2:midterm christianpascual$ git init
Initialized empty Git repository in /Users/christianpascual/Documents/columbia/S2019/Computing/midterm/.git/
]0;~/Documents/columbia/S2019/Computing/midtermChristians-MacBook-Pro-2:midterm christianpascual$ git add .READ[K[K[K[K[KREAD.ME[K[K[KME.md
fatal: pathspec 'README.md' did not match any files
]0;~/Documents/columbia/S2019/Computing/midtermChristians-MacBook-Pro-2:midterm christianpascual$ git [K[K[K[Kgit commit -m "First omi[K[K[Kcommit"
On branch master

Initial commit

Untracked files:
	[31m.Rproj.user/[m
	[31mMidterm Exam 2018.Rmd[m
	[31mMidterm Exam 2018.nb.html[m
	[31mMidterm_Exam_2018-1.html[m
	[31mMidterm_Exam_2018.html[m
	[31mmidterm.Rproj[m

nothing added to commit but untracked files present
]0;~/Documents/columbia/S2019/Computing/midtermChristians-MacBook-Pro-2:midterm christianpascual$ git add .
]0;~/Documents/columbia/S2019/Computing/midtermChristians-MacBook-Pro-2:midterm christianpascual$ 
]0;~/Documents/columbia/S2019/Computing/midtermChristians-MacBook-Pro-2:midterm christianpascual$ git commit -m "First commit"
[master (root-commit) 2ca26cc] First commit
 9 files changed, 1018 insertions(+)
 create mode 100644 .Rproj.user/F2A0B8DA/console06/CA16425A
 create mode 100644 .Rproj.user/F2A0B8DA/console06/INDEX001
 create mode 100644 .Rproj.user/F2A0B8DA/sources/s-B6931A21/lock_file
 create mode 100644 .Rproj.user/shared/notebooks/patch-chunk-names
 create mode 100644 Midterm Exam 2018.Rmd
 create mode 100644 Midterm Exam 2018.nb.html
 create mode 100644 Midterm_Exam_2018-1.html
 create mode 100644 Midterm_Exam_2018.html
 create mode 100644 midterm.Rproj
]0;~/Documents/columbia/S2019/Computing/midtermChristians-MacBook-Pro-2:midterm christianpascual$ r[Kgit remoa[Kte add origin git@github.com:thecbp/P8160_midterm_c heatsheet.git
]0;~/Documents/columbia/S2019/Computing/midtermChristians-MacBook-Pro-2:midterm christianpascual$ git push -u origin master
Enter passphrase for key '/Users/christianpascual/.ssh/id_rsa': 
Enumerating objects: 16, done.
Counting objects:   6% (1/16)   Counting objects:  12% (2/16)   Counting objects:  18% (3/16)   Counting objects:  25% (4/16)   Counting objects:  31% (5/16)   Counting objects:  37% (6/16)   Counting objects:  43% (7/16)   Counting objects:  50% (8/16)   Counting objects:  56% (9/16)   Counting objects:  62% (10/16)   Counting objects:  68% (11/16)   Counting objects:  75% (12/16)   Counting objects:  81% (13/16)   Counting objects:  87% (14/16)   Counting objects:  93% (15/16)   Counting objects: 100% (16/16)   Counting objects: 100% (16/16), done.
Delta compression using up to 8 threads
Compressing objects:   9% (1/11)   Compressing objects:  18% (2/11)   Compressing objects:  27% (3/11)   Compressing objects:  36% (4/11)   Compressing objects:  45% (5/11)   Compressing objects:  54% (6/11)   Compressing objects:  63% (7/11)   Compressing objects:  72% (8/11)   Compressing objects:  81% (9/11)   Compressing objects:  90% (10/11)   Compressing objects: 100% (11/11)   Compressing objects: 100% (11/11), done.
Writing objects:   6% (1/16)   Writing objects:  12% (2/16)   Writing objects:  18% (3/16)   Writing objects:  25% (4/16)   Writing objects:  31% (5/16)   Writing objects:  37% (6/16)   Writing objects:  43% (7/16)   Writing objects:  50% (8/16)   Writing objects:  56% (9/16)   Writing objects:  62% (10/16)   Writing objects:  68% (11/16)   Writing objects:  75% (12/16)   Writing objects:  81% (13/16)   Writing objects:  87% (14/16)   Writing objects:  93% (15/16)   Writing objects: 100% (16/16)   Writing objects: 100% (16/16), 615.13 KiB | 6.69 MiB/s, done.
Total 16 (delta 1), reused 0 (delta 0)
remote: Resolving deltas:   0% (0/1)   [Kremote: Resolving deltas: 100% (1/1)   [Kremote: Resolving deltas: 100% (1/1), done.[K
To github.com:thecbp/P8160_midterm_cheatsheet.git
 * [new branch]      master -> master
Branch 'master' set up to track remote branch 'master' from 'origin'.
]0;~/Documents/columbia/S2019/Computing/midterm[?1034hdyn-160-39-231-177:midterm christianpascual$ git status
On branch master
Your branch is up to date with 'origin/master'.

Changes not staged for commit:
  (use "git add/rm <file>..." to update what will be committed)
  (use "git checkout -- <file>..." to discard changes in working directory)

	[31mmodified:   .Rproj.user/F2A0B8DA/console06/CA16425A[m
	[31mmodified:   .Rproj.user/F2A0B8DA/console06/INDEX001[m
	[31mdeleted:    .Rproj.user/F2A0B8DA/sources/s-B6931A21/lock_file[m

Untracked files:
  (use "git add <file>..." to include in what will be committed)

	[31m.gitignore[m
	[31malgorithm-implementations.Rmd[m
	[31malgorithm-implementations.html[m
	[31malgorithm-implementations.md[m

no changes added to commit (use "git add" and/or "git commit -a")
]0;~/Documents/columbia/S2019/Computing/midtermdyn-160-39-231-177:midterm christianpascual$ git add .
]0;~/Documents/columbia/S2019/Computing/midtermdyn-160-39-231-177:midterm christianpascual$ git comit[K[Kmit -m "ADd[K[Kded[K[Kded file for algorithm implemet[Kntations"
[master f5c3e7b] Added file for algorithm implementations
 7 files changed, 632 insertions(+), 2 deletions(-)
 rewrite .Rproj.user/F2A0B8DA/console06/INDEX001 (100%)
 delete mode 100644 .Rproj.user/F2A0B8DA/sources/s-B6931A21/lock_file
 create mode 100644 .gitignore
 create mode 100644 algorithm-implementations.Rmd
 create mode 100644 algorithm-implementations.html
 create mode 100644 algorithm-implementations.md
]0;~/Documents/columbia/S2019/Computing/midtermdyn-160-39-231-177:midterm christianpascual$ git push
Enter passphrase for key '/Users/christianpascual/.ssh/id_rsa': 
Enumerating objects: 17, done.
Counting objects:   5% (1/17)   Counting objects:  11% (2/17)   Counting objects:  17% (3/17)   Counting objects:  23% (4/17)   Counting objects:  29% (5/17)   Counting objects:  35% (6/17)   Counting objects:  41% (7/17)   Counting objects:  47% (8/17)   Counting objects:  52% (9/17)   Counting objects:  58% (10/17)   Counting objects:  64% (11/17)   Counting objects:  70% (12/17)   Counting objects:  76% (13/17)   Counting objects:  82% (14/17)   Counting objects:  88% (15/17)   Counting objects:  94% (16/17)   Counting objects: 100% (17/17)   Counting objects: 100% (17/17), done.
Delta compression using up to 8 threads
Compressing objects:  11% (1/9)   Compressing objects:  22% (2/9)   Compressing objects:  33% (3/9)   Compressing objects:  44% (4/9)   Compressing objects:  55% (5/9)   Compressing objects:  66% (6/9)   Compressing objects:  77% (7/9)   Compressing objects:  88% (8/9)   Compressing objects: 100% (9/9)   Compressing objects: 100% (9/9), done.
Writing objects:   9% (1/11)   Writing objects:  18% (2/11)   Writing objects:  27% (3/11)   Writing objects:  36% (4/11)   Writing objects:  45% (5/11)   Writing objects:  54% (6/11)   Writing objects:  63% (7/11)   Writing objects:  72% (8/11)   Writing objects:  81% (9/11)   Writing objects:  90% (10/11)   Writing objects: 100% (11/11)   Writing objects: 100% (11/11), 242.04 KiB | 5.50 MiB/s, done.
Total 11 (delta 1), reused 0 (delta 0)
remote: Resolving deltas:   0% (0/1)   [Kremote: Resolving deltas: 100% (1/1)   [Kremote: Resolving deltas: 100% (1/1), completed with 1 local object.[K
To github.com:thecbp/P8160_midterm_cheatsheet.git
   2ca26cc..f5c3e7b  master -> master
]0;~/Documents/columbia/S2019/Computing/midterm[?1034hChristians-MacBook-Pro-2:midterm christianpascual$ git status
On branch master
Your branch is up to date with 'origin/master'.

Changes not staged for commit:
  (use "git add <file>..." to update what will be committed)
  (use "git checkout -- <file>..." to discard changes in working directory)

	[31mmodified:   .Rproj.user/F2A0B8DA/console06/CA16425A[m
	[31mmodified:   .Rproj.user/F2A0B8DA/console06/INDEX001[m
	[31mmodified:   algorithm-implementations.Rmd[m
	[31mmodified:   algorithm-implementations.html[m

no changes added to commit (use "git add" and/or "git commit -a")
]0;~/Documents/columbia/S2019/Computing/midtermChristians-MacBook-Pro-2:midterm christianpascual$ git commit -am "Added in ABO implementation"
[master 46b36fa] Added in ABO implementation
 4 files changed, 294 insertions(+), 12 deletions(-)
 rewrite .Rproj.user/F2A0B8DA/console06/INDEX001 (86%)
]0;~/Documents/columbia/S2019/Computing/midtermChristians-MacBook-Pro-2:midterm christianpascual$ git push
Enter passphrase for key '/Users/christianpascual/.ssh/id_rsa': 
Enumerating objects: 17, done.
Counting objects:   5% (1/17)   Counting objects:  11% (2/17)   Counting objects:  17% (3/17)   Counting objects:  23% (4/17)   Counting objects:  29% (5/17)   Counting objects:  35% (6/17)   Counting objects:  41% (7/17)   Counting objects:  47% (8/17)   Counting objects:  52% (9/17)   Counting objects:  58% (10/17)   Counting objects:  64% (11/17)   Counting objects:  70% (12/17)   Counting objects:  76% (13/17)   Counting objects:  82% (14/17)   Counting objects:  88% (15/17)   Counting objects:  94% (16/17)   Counting objects: 100% (17/17)   Counting objects: 100% (17/17), done.
Delta compression using up to 8 threads
Compressing objects:  12% (1/8)   Compressing objects:  25% (2/8)   Compressing objects:  37% (3/8)   Compressing objects:  50% (4/8)   Compressing objects:  62% (5/8)   Compressing objects:  75% (6/8)   Compressing objects:  87% (7/8)   Compressing objects: 100% (8/8)   Compressing objects: 100% (8/8), done.
Writing objects:  11% (1/9)   Writing objects:  22% (2/9)   Writing objects:  33% (3/9)   Writing objects:  44% (4/9)   Writing objects:  55% (5/9)   Writing objects:  66% (6/9)   Writing objects:  77% (7/9)   Writing objects:  88% (8/9)   Writing objects: 100% (9/9)   Writing objects: 100% (9/9), 4.41 KiB | 196.00 KiB/s, done.
Total 9 (delta 5), reused 0 (delta 0)
remote: Resolving deltas:   0% (0/5)   [Kremote: Resolving deltas:  20% (1/5)   [Kremote: Resolving deltas:  40% (2/5)   [Kremote: Resolving deltas:  60% (3/5)   [Kremote: Resolving deltas:  80% (4/5)   [Kremote: Resolving deltas: 100% (5/5)   [Kremote: Resolving deltas: 100% (5/5), completed with 5 local objects.[K
To github.com:thecbp/P8160_midterm_cheatsheet.git
   f5c3e7b..46b36fa  master -> master
]0;~/Documents/columbia/S2019/Computing/midtermChristians-MacBook-Pro-2:midterm christianpascual$ git status
On branch master
Your branch is up to date with 'origin/master'.

Changes not staged for commit:
  (use "git add <file>..." to update what will be committed)
  (use "git checkout -- <file>..." to discard changes in working directory)

	[31mmodified:   .Rproj.user/F2A0B8DA/console06/CA16425A[m
	[31mmodified:   algorithm-implementations.Rmd[m
	[31mmodified:   algorithm-implementations.html[m

no changes added to commit (use "git add" and/or "git commit -a")
]0;~/Documents/columbia/S2019/Computing/midtermChristians-MacBook-Pro-2:midterm christianpascual$ git -am[K[K[Kcommit -am "REfor[K[K[K[Keformatting"