]0;~/Documents/columbia/S2019/Computing/midterm[?1034hChristians-MacBook-Pro-2:midterm christianpascual$ [KChristians-MacBook-Pro-2:midterm christianpascual$ git init
Initialized empty Git repository in /Users/christianpascual/Documents/columbia/S2019/Computing/midterm/.git/
]0;~/Documents/columbia/S2019/Computing/midtermChristians-MacBook-Pro-2:midterm christianpascual$ git add .READ[K[K[K[K[KREAD.ME[K[K[KME.md
fatal: pathspec 'README.md' did not match any files
]0;~/Documents/columbia/S2019/Computing/midtermChristians-MacBook-Pro-2:midterm christianpascual$ git [K[K[K[Kgit commit -m "First omi[K[K[Kcommit"
On branch master

Initial commit

Untracked files:
	[31m.Rproj.user/[m
	[31mMidterm Exam 2018.Rmd[m
	[31mMidterm Exam 2018.nb.html[m
	[31mMidterm_Exam_2018-1.html[m
	[31mMidterm_Exam_2018.html[m
	[31mmidterm.Rproj[m

nothing added to commit but untracked files present
]0;~/Documents/columbia/S2019/Computing/midtermChristians-MacBook-Pro-2:midterm christianpascual$ git add .
]0;~/Documents/columbia/S2019/Computing/midtermChristians-MacBook-Pro-2:midterm christianpascual$ 
]0;~/Documents/columbia/S2019/Computing/midtermChristians-MacBook-Pro-2:midterm christianpascual$ git commit -m "First commit"
[master (root-commit) 2ca26cc] First commit
 9 files changed, 1018 insertions(+)
 create mode 100644 .Rproj.user/F2A0B8DA/console06/CA16425A
 create mode 100644 .Rproj.user/F2A0B8DA/console06/INDEX001
 create mode 100644 .Rproj.user/F2A0B8DA/sources/s-B6931A21/lock_file
 create mode 100644 .Rproj.user/shared/notebooks/patch-chunk-names
 create mode 100644 Midterm Exam 2018.Rmd
 create mode 100644 Midterm Exam 2018.nb.html
 create mode 100644 Midterm_Exam_2018-1.html
 create mode 100644 Midterm_Exam_2018.html
 create mode 100644 midterm.Rproj
]0;~/Documents/columbia/S2019/Computing/midtermChristians-MacBook-Pro-2:midterm christianpascual$ r[Kgit remoa[Kte add origin git@github.com:thecbp/P8160_midterm_c heatsheet.git
]0;~/Documents/columbia/S2019/Computing/midtermChristians-MacBook-Pro-2:midterm christianpascual$ git push -u origin master
Enter passphrase for key '/Users/christianpascual/.ssh/id_rsa': 
Enumerating objects: 16, done.
Counting objects:   6% (1/16)   Counting objects:  12% (2/16)   Counting objects:  18% (3/16)   Counting objects:  25% (4/16)   Counting objects:  31% (5/16)   Counting objects:  37% (6/16)   Counting objects:  43% (7/16)   Counting objects:  50% (8/16)   Counting objects:  56% (9/16)   Counting objects:  62% (10/16)   Counting objects:  68% (11/16)   Counting objects:  75% (12/16)   Counting objects:  81% (13/16)   Counting objects:  87% (14/16)   Counting objects:  93% (15/16)   Counting objects: 100% (16/16)   Counting objects: 100% (16/16), done.
Delta compression using up to 8 threads
Compressing objects:   9% (1/11)   Compressing objects:  18% (2/11)   Compressing objects:  27% (3/11)   Compressing objects:  36% (4/11)   Compressing objects:  45% (5/11)   Compressing objects:  54% (6/11)   Compressing objects:  63% (7/11)   Compressing objects:  72% (8/11)   Compressing objects:  81% (9/11)   Compressing objects:  90% (10/11)   Compressing objects: 100% (11/11)   Compressing objects: 100% (11/11), done.
Writing objects:   6% (1/16)   Writing objects:  12% (2/16)   Writing objects:  18% (3/16)   Writing objects:  25% (4/16)   Writing objects:  31% (5/16)   Writing objects:  37% (6/16)   Writing objects:  43% (7/16)   Writing objects:  50% (8/16)   Writing objects:  56% (9/16)   Writing objects:  62% (10/16)   Writing objects:  68% (11/16)   Writing objects:  75% (12/16)   Writing objects:  81% (13/16)   Writing objects:  87% (14/16)   Writing objects:  93% (15/16)   Writing objects: 100% (16/16)   Writing objects: 100% (16/16), 615.13 KiB | 6.69 MiB/s, done.
Total 16 (delta 1), reused 0 (delta 0)
remote: Resolving deltas:   0% (0/1)   [Kremote: Resolving deltas: 100% (1/1)   [Kremote: Resolving deltas: 100% (1/1), done.[K
To github.com:thecbp/P8160_midterm_cheatsheet.git
 * [new branch]      master -> master
Branch 'master' set up to track remote branch 'master' from 'origin'.
]0;~/Documents/columbia/S2019/Computing/midterm[?1034hdyn-160-39-231-177:midterm christianpascual$ git status
On branch master
Your branch is up to date with 'origin/master'.

Changes not staged for commit:
  (use "git add/rm <file>..." to update what will be committed)
  (use "git checkout -- <file>..." to discard changes in working directory)

	[31mmodified:   .Rproj.user/F2A0B8DA/console06/CA16425A[m
	[31mmodified:   .Rproj.user/F2A0B8DA/console06/INDEX001[m
	[31mdeleted:    .Rproj.user/F2A0B8DA/sources/s-B6931A21/lock_file[m

Untracked files:
  (use "git add <file>..." to include in what will be committed)

	[31m.gitignore[m
	[31malgorithm-implementations.Rmd[m
	[31malgorithm-implementations.html[m
	[31malgorithm-implementations.md[m

no changes added to commit (use "git add" and/or "git commit -a")
]0;~/Documents/columbia/S2019/Computing/midtermdyn-160-39-231-177:midterm christianpascual$ git add .
]0;~/Documents/columbia/S2019/Computing/midtermdyn-160-39-231-177:midterm christianpascual$ git comit[K[Kmit -m "ADd[K[Kded[K[Kded file for algorithm implemet[Kntations"
[master f5c3e7b] Added file for algorithm implementations
 7 files changed, 632 insertions(+), 2 deletions(-)
 rewrite .Rproj.user/F2A0B8DA/console06/INDEX001 (100%)
 delete mode 100644 .Rproj.user/F2A0B8DA/sources/s-B6931A21/lock_file
 create mode 100644 .gitignore
 create mode 100644 algorithm-implementations.Rmd
 create mode 100644 algorithm-implementations.html
 create mode 100644 algorithm-implementations.md
]0;~/Documents/columbia/S2019/Computing/midtermdyn-160-39-231-177:midterm christianpascual$ git push
Enter passphrase for key '/Users/christianpascual/.ssh/id_rsa': 
Enumerating objects: 17, done.
Counting objects:   5% (1/17)   Counting objects:  11% (2/17)   Counting objects:  17% (3/17)   Counting objects:  23% (4/17)   Counting objects:  29% (5/17)   Counting objects:  35% (6/17)   Counting objects:  41% (7/17)   Counting objects:  47% (8/17)   Counting objects:  52% (9/17)   Counting objects:  58% (10/17)   Counting objects:  64% (11/17)   Counting objects:  70% (12/17)   Counting objects:  76% (13/17)   Counting objects:  82% (14/17)   Counting objects:  88% (15/17)   Counting objects:  94% (16/17)   Counting objects: 100% (17/17)   Counting objects: 100% (17/17), done.
Delta compression using up to 8 threads
Compressing objects:  11% (1/9)   Compressing objects:  22% (2/9)   Compressing objects:  33% (3/9)   Compressing objects:  44% (4/9)   Compressing objects:  55% (5/9)   Compressing objects:  66% (6/9)   Compressing objects:  77% (7/9)   Compressing objects:  88% (8/9)   Compressing objects: 100% (9/9)   Compressing objects: 100% (9/9), done.
Writing objects:   9% (1/11)   Writing objects:  18% (2/11)   Writing objects:  27% (3/11)   Writing objects:  36% (4/11)   Writing objects:  45% (5/11)   Writing objects:  54% (6/11)   Writing objects:  63% (7/11)   Writing objects:  72% (8/11)   Writing objects:  81% (9/11)   Writing objects:  90% (10/11)   Writing objects: 100% (11/11)   Writing objects: 100% (11/11), 242.04 KiB | 5.50 MiB/s, done.
Total 11 (delta 1), reused 0 (delta 0)
remote: Resolving deltas:   0% (0/1)   [Kremote: Resolving deltas: 100% (1/1)   [Kremote: Resolving deltas: 100% (1/1), completed with 1 local object.[K
To github.com:thecbp/P8160_midterm_cheatsheet.git
   2ca26cc..f5c3e7b  master -> master
]0;~/Documents/columbia/S2019/Computing/midterm[?1034hChristians-MacBook-Pro-2:midterm christianpascual$ git status
On branch master
Your branch is up to date with 'origin/master'.

Changes not staged for commit:
  (use "git add <file>..." to update what will be committed)
  (use "git checkout -- <file>..." to discard changes in working directory)

	[31mmodified:   .Rproj.user/F2A0B8DA/console06/CA16425A[m
	[31mmodified:   .Rproj.user/F2A0B8DA/console06/INDEX001[m
	[31mmodified:   algorithm-implementations.Rmd[m
	[31mmodified:   algorithm-implementations.html[m

no changes added to commit (use "git add" and/or "git commit -a")
]0;~/Documents/columbia/S2019/Computing/midtermChristians-MacBook-Pro-2:midterm christianpascual$ git commit -am "Added in ABO implementation"
[master 46b36fa] Added in ABO implementation
 4 files changed, 294 insertions(+), 12 deletions(-)
 rewrite .Rproj.user/F2A0B8DA/console06/INDEX001 (86%)
]0;~/Documents/columbia/S2019/Computing/midtermChristians-MacBook-Pro-2:midterm christianpascual$ git push
Enter passphrase for key '/Users/christianpascual/.ssh/id_rsa': 
Enumerating objects: 17, done.
Counting objects:   5% (1/17)   Counting objects:  11% (2/17)   Counting objects:  17% (3/17)   Counting objects:  23% (4/17)   Counting objects:  29% (5/17)   Counting objects:  35% (6/17)   Counting objects:  41% (7/17)   Counting objects:  47% (8/17)   Counting objects:  52% (9/17)   Counting objects:  58% (10/17)   Counting objects:  64% (11/17)   Counting objects:  70% (12/17)   Counting objects:  76% (13/17)   Counting objects:  82% (14/17)   Counting objects:  88% (15/17)   Counting objects:  94% (16/17)   Counting objects: 100% (17/17)   Counting objects: 100% (17/17), done.
Delta compression using up to 8 threads
Compressing objects:  12% (1/8)   Compressing objects:  25% (2/8)   Compressing objects:  37% (3/8)   Compressing objects:  50% (4/8)   Compressing objects:  62% (5/8)   Compressing objects:  75% (6/8)   Compressing objects:  87% (7/8)   Compressing objects: 100% (8/8)   Compressing objects: 100% (8/8), done.
Writing objects:  11% (1/9)   Writing objects:  22% (2/9)   Writing objects:  33% (3/9)   Writing objects:  44% (4/9)   Writing objects:  55% (5/9)   Writing objects:  66% (6/9)   Writing objects:  77% (7/9)   Writing objects:  88% (8/9)   Writing objects: 100% (9/9)   Writing objects: 100% (9/9), 4.41 KiB | 196.00 KiB/s, done.
Total 9 (delta 5), reused 0 (delta 0)
remote: Resolving deltas:   0% (0/5)   [Kremote: Resolving deltas:  20% (1/5)   [Kremote: Resolving deltas:  40% (2/5)   [Kremote: Resolving deltas:  60% (3/5)   [Kremote: Resolving deltas:  80% (4/5)   [Kremote: Resolving deltas: 100% (5/5)   [Kremote: Resolving deltas: 100% (5/5), completed with 5 local objects.[K
To github.com:thecbp/P8160_midterm_cheatsheet.git
   f5c3e7b..46b36fa  master -> master
]0;~/Documents/columbia/S2019/Computing/midtermChristians-MacBook-Pro-2:midterm christianpascual$ git status
On branch master
Your branch is up to date with 'origin/master'.

Changes not staged for commit:
  (use "git add <file>..." to update what will be committed)
  (use "git checkout -- <file>..." to discard changes in working directory)

	[31mmodified:   .Rproj.user/F2A0B8DA/console06/CA16425A[m
	[31mmodified:   algorithm-implementations.Rmd[m
	[31mmodified:   algorithm-implementations.html[m

no changes added to commit (use "git add" and/or "git commit -a")
]0;~/Documents/columbia/S2019/Computing/midtermChristians-MacBook-Pro-2:midterm christianpascual$ git -am[K[K[Kcommit -am "REfor[K[K[K[Keformatting"
[master 0ffe9d4] Reformatting
 3 files changed, 40 insertions(+), 5 deletions(-)
]0;~/Documents/columbia/S2019/Computing/midtermChristians-MacBook-Pro-2:midterm christianpascual$ git push
Enter passphrase for key '/Users/christianpascual/.ssh/id_rsa': 
Enumerating objects: 15, done.
Counting objects:   6% (1/15)   Counting objects:  13% (2/15)   Counting objects:  20% (3/15)   Counting objects:  26% (4/15)   Counting objects:  33% (5/15)   Counting objects:  40% (6/15)   Counting objects:  46% (7/15)   Counting objects:  53% (8/15)   Counting objects:  60% (9/15)   Counting objects:  66% (10/15)   Counting objects:  73% (11/15)   Counting objects:  80% (12/15)   Counting objects:  86% (13/15)   Counting objects:  93% (14/15)   Counting objects: 100% (15/15)   Counting objects: 100% (15/15), done.
Delta compression using up to 8 threads
Compressing objects:  14% (1/7)   Compressing objects:  28% (2/7)   Compressing objects:  42% (3/7)   Compressing objects:  57% (4/7)   Compressing objects:  71% (5/7)   Compressing objects:  85% (6/7)   Compressing objects: 100% (7/7)   Compressing objects: 100% (7/7), done.
Writing objects:  12% (1/8)   Writing objects:  25% (2/8)   Writing objects:  37% (3/8)   Writing objects:  50% (4/8)   Writing objects:  62% (5/8)   Writing objects:  75% (6/8)   Writing objects:  87% (7/8)   Writing objects: 100% (8/8)   Writing objects: 100% (8/8), 1.16 KiB | 42.00 KiB/s, done.
Total 8 (delta 4), reused 0 (delta 0)
remote: Resolving deltas:   0% (0/4)   [Kremote: Resolving deltas:  25% (1/4)   [Kremote: Resolving deltas:  50% (2/4)   [Kremote: Resolving deltas:  75% (3/4)   [Kremote: Resolving deltas: 100% (4/4)   [Kremote: Resolving deltas: 100% (4/4), completed with 4 local objects.[K
To github.com:thecbp/P8160_midterm_cheatsheet.git
   46b36fa..0ffe9d4  master -> master
ig]0;~/Documents/columbia/S2019/Computing/midterm[?1034hdyn-160-39-231-137:midterm christianpascual$ ig[K[Kgit t[Kstatus
On branch master
Your branch is up to date with 'origin/master'.

Changes not staged for commit:
  (use "git add <file>..." to update what will be committed)
  (use "git checkout -- <file>..." to discard changes in working directory)

	[31mmodified:   .Rproj.user/F2A0B8DA/console06/CA16425A[m
	[31mmodified:   .Rproj.user/F2A0B8DA/console06/INDEX001[m
	[31mmodified:   algorithm-implementations.Rmd[m

no changes added to commit (use "git add" and/or "git commit -a")
]0;~/Documents/columbia/S2019/Computing/midtermdyn-160-39-231-137:midterm christianpascual$ git a[Kcommit -am "Got the light bul[K[K[K[K[K[K[K[K[K[K[K[K[K[K[K[K[K[KF[K"Finally understand the [K light bulb example"
[master db0d48d] Finally understand the light bulb example
 3 files changed, 117 insertions(+), 8 deletions(-)
 rewrite .Rproj.user/F2A0B8DA/console06/INDEX001 (86%)
]0;~/Documents/columbia/S2019/Computing/midtermdyn-160-39-231-137:midterm christianpascual$ git push
Enter passphrase for key '/Users/christianpascual/.ssh/id_rsa': 
Enumerating objects: 15, done.
Counting objects:   6% (1/15)   Counting objects:  13% (2/15)   Counting objects:  20% (3/15)   Counting objects:  26% (4/15)   Counting objects:  33% (5/15)   Counting objects:  40% (6/15)   Counting objects:  46% (7/15)   Counting objects:  53% (8/15)   Counting objects:  60% (9/15)   Counting objects:  66% (10/15)   Counting objects:  73% (11/15)   Counting objects:  80% (12/15)   Counting objects:  86% (13/15)   Counting objects:  93% (14/15)   Counting objects: 100% (15/15)   Counting objects: 100% (15/15), done.
Delta compression using up to 8 threads
Compressing objects:  14% (1/7)   Compressing objects:  28% (2/7)   Compressing objects:  42% (3/7)   Compressing objects:  57% (4/7)   Compressing objects:  71% (5/7)   Compressing objects:  85% (6/7)   Compressing objects: 100% (7/7)   Compressing objects: 100% (7/7), done.
Writing objects:  12% (1/8)   Writing objects:  25% (2/8)   Writing objects:  37% (3/8)   Writing objects:  50% (4/8)   Writing objects:  62% (5/8)   Writing objects:  75% (6/8)   Writing objects:  87% (7/8)   Writing objects: 100% (8/8)   Writing objects: 100% (8/8), 2.55 KiB | 108.00 KiB/s, done.
Total 8 (delta 4), reused 0 (delta 0)
remote: Resolving deltas:   0% (0/4)   [Kremote: Resolving deltas:  25% (1/4)   [Kremote: Resolving deltas:  50% (2/4)   [Kremote: Resolving deltas:  75% (3/4)   [Kremote: Resolving deltas: 100% (4/4)   [Kremote: Resolving deltas: 100% (4/4), completed with 4 local objects.[K
To github.com:thecbp/P8160_midterm_cheatsheet.git
   0ffe9d4..db0d48d  master -> master
]0;~/Documents/columbia/S2019/Computing/midtermdyn-160-39-231-137:midterm christianpascual$ git status
On branch master
Your branch is up to date with 'origin/master'.

Changes not staged for commit:
  (use "git add <file>..." to update what will be committed)
  (use "git checkout -- <file>..." to discard changes in working directory)

	[31mmodified:   .Rproj.user/F2A0B8DA/console06/CA16425A[m
	[31mmodified:   algorithm-implementations.Rmd[m

no changes added to commit (use "git add" and/or "git commit -a")
]0;~/Documents/columbia/S2019/Computing/midtermdyn-160-39-231-137:midterm christianpascual$ git commit -am "Finished Fisher geo[Knoy[Ktype"
[master 252b6a2] Finished Fisher genotype
 2 files changed, 86 insertions(+), 1 deletion(-)
]0;~/Documents/columbia/S2019/Computing/midtermdyn-160-39-231-137:midterm christianpascual$ git push
Enter passphrase for key '/Users/christianpascual/.ssh/id_rsa': 
Enumerating objects: 13, done.
Counting objects:   7% (1/13)   Counting objects:  15% (2/13)   Counting objects:  23% (3/13)   Counting objects:  30% (4/13)   Counting objects:  38% (5/13)   Counting objects:  46% (6/13)   Counting objects:  53% (7/13)   Counting objects:  61% (8/13)   Counting objects:  69% (9/13)   Counting objects:  76% (10/13)   Counting objects:  84% (11/13)   Counting objects:  92% (12/13)   Counting objects: 100% (13/13)   Counting objects: 100% (13/13), done.
Delta compression using up to 8 threads
Compressing objects:  16% (1/6)   Compressing objects:  33% (2/6)   Compressing objects:  50% (3/6)   Compressing objects:  66% (4/6)   Compressing objects:  83% (5/6)   Compressing objects: 100% (6/6)   Compressing objects: 100% (6/6), done.
Writing objects:  14% (1/7)   Writing objects:  28% (2/7)   Writing objects:  42% (3/7)   Writing objects:  57% (4/7)   Writing objects:  71% (5/7)   Writing objects:  85% (6/7)   Writing objects: 100% (7/7)   Writing objects: 100% (7/7), 1.89 KiB | 1.89 MiB/s, done.
Total 7 (delta 3), reused 0 (delta 0)
remote: Resolving deltas:   0% (0/3)   [Kremote: Resolving deltas:  33% (1/3)   [Kremote: Resolving deltas:  66% (2/3)   [Kremote: Resolving deltas: 100% (3/3)   [Kremote: Resolving deltas: 100% (3/3), completed with 3 local objects.[K
To github.com:thecbp/P8160_midterm_cheatsheet.git
   db0d48d..252b6a2  master -> master
it]0;~/Documents/columbia/S2019/Computing/midterm[?1034hChristians-MacBook-Pro-2:midterm christianpascual$ git status
On branch master
Your branch is up to date with 'origin/master'.

Changes not staged for commit:
  (use "git add <file>..." to update what will be committed)
  (use "git checkout -- <file>..." to discard changes in working directory)

	[31mmodified:   .Rproj.user/F2A0B8DA/console06/CA16425A[m
	[31mmodified:   .Rproj.user/F2A0B8DA/console06/INDEX001[m
	[31mmodified:   algorithm-implementations.Rmd[m
	[31mmodified:   algorithm-implementations.html[m

no changes added to commit (use "git add" and/or "git commit -a")
]0;~/Documents/columbia/S2019/Computing/midtermChristians-MacBook-Pro-2:midterm christianpascual$ git commit -m[Kam "Added Monte Carlo stuff"
[master 7147716] Added Monte Carlo stuff
 4 files changed, 214 insertions(+), 13 deletions(-)
 rewrite .Rproj.user/F2A0B8DA/console06/INDEX001 (86%)
]0;~/Documents/columbia/S2019/Computing/midtermChristians-MacBook-Pro-2:midterm christianpascual$ git push
Enter passphrase for key '/Users/christianpascual/.ssh/id_rsa': 
Enumerating objects: 17, done.
Counting objects:   5% (1/17)   Counting objects:  11% (2/17)   Counting objects:  17% (3/17)   Counting objects:  23% (4/17)   Counting objects:  29% (5/17)   Counting objects:  35% (6/17)   Counting objects:  41% (7/17)   Counting objects:  47% (8/17)   Counting objects:  52% (9/17)   Counting objects:  58% (10/17)   Counting objects:  64% (11/17)   Counting objects:  70% (12/17)   Counting objects:  76% (13/17)   Counting objects:  82% (14/17)   Counting objects:  88% (15/17)   Counting objects:  94% (16/17)   Counting objects: 100% (17/17)   Counting objects: 100% (17/17), done.
Delta compression using up to 8 threads
Compressing objects:  12% (1/8)   Compressing objects:  25% (2/8)   Compressing objects:  37% (3/8)   Compressing objects:  50% (4/8)   Compressing objects:  62% (5/8)   Compressing objects:  75% (6/8)   Compressing objects:  87% (7/8)   Compressing objects: 100% (8/8)   Compressing objects: 100% (8/8), done.
Writing objects:  11% (1/9)   Writing objects:  22% (2/9)   Writing objects:  33% (3/9)   Writing objects:  44% (4/9)   Writing objects:  55% (5/9)   Writing objects:  66% (6/9)   Writing objects:  77% (7/9)   Writing objects:  88% (8/9)   Writing objects: 100% (9/9)   Writing objects: 100% (9/9), 6.26 KiB | 149.00 KiB/s, done.
Total 9 (delta 5), reused 0 (delta 0)
remote: Resolving deltas:   0% (0/5)   [Kremote: Resolving deltas:  20% (1/5)   [Kremote: Resolving deltas:  40% (2/5)   [Kremote: Resolving deltas:  60% (3/5)   [Kremote: Resolving deltas:  80% (4/5)   [Kremote: Resolving deltas: 100% (5/5)   [Kremote: Resolving deltas: 100% (5/5), completed with 5 local objects.[K
To github.com:thecbp/P8160_midterm_cheatsheet.git
   252b6a2..7147716  master -> master
]0;~/Documents/columbia/S2019/Computing/midterm[?1034hChristians-MacBook-Pro-2:midterm christianpascual$ git status
On branch master
Your branch is up to date with 'origin/master'.

Changes not staged for commit:
  (use "git add/rm <file>..." to update what will be committed)
  (use "git checkout -- <file>..." to discard changes in working directory)

	[31mmodified:   .Rproj.user/F2A0B8DA/console06/CA16425A[m
	[31mmodified:   .Rproj.user/F2A0B8DA/console06/INDEX001[m
	[31mdeleted:    Midterm Exam 2018.nb.html[m
	[31mdeleted:    Midterm_Exam_2018-1.html[m
	[31mdeleted:    algorithm-implementations.md[m

no changes added to commit (use "git add" and/or "git commit -a")
]0;~/Documents/columbia/S2019/Computing/midtermChristians-MacBook-Pro-2:midterm christianpascual$ git add .
]0;~/Documents/columbia/S2019/Computing/midtermChristians-MacBook-Pro-2:midterm christianpascual$ git commit -am "Removed some  unneve[K[Kcessary files"
[master fb91263] Removed some unnecessary files
 5 files changed, 33 insertions(+), 603 deletions(-)
 rewrite .Rproj.user/F2A0B8DA/console06/INDEX001 (86%)
 delete mode 100644 Midterm Exam 2018.nb.html
 delete mode 100644 Midterm_Exam_2018-1.html
 delete mode 100644 algorithm-implementations.md
]0;~/Documents/columbia/S2019/Computing/midtermChristians-MacBook-Pro-2:midterm christianpascual$ git push
Enter passphrase for key '/Users/christianpascual/.ssh/id_rsa': 
Enumerating objects: 13, done.
Counting objects:   7% (1/13)   Counting objects:  15% (2/13)   Counting objects:  23% (3/13)   Counting objects:  30% (4/13)   Counting objects:  38% (5/13)   Counting objects:  46% (6/13)   Counting objects:  53% (7/13)   Counting objects:  61% (8/13)   Counting objects:  69% (9/13)   Counting objects:  76% (10/13)   Counting objects:  84% (11/13)   Counting objects:  92% (12/13)   Counting objects: 100% (13/13)   Counting objects: 100% (13/13), done.
Delta compression using up to 8 threads
Compressing objects:  16% (1/6)   Compressing objects:  33% (2/6)   Compressing objects:  50% (3/6)   Compressing objects:  66% (4/6)   Compressing objects:  83% (5/6)   Compressing objects: 100% (6/6)   Compressing objects: 100% (6/6), done.
Writing objects:  14% (1/7)   Writing objects:  28% (2/7)   Writing objects:  42% (3/7)   Writing objects:  57% (4/7)   Writing objects:  71% (5/7)   Writing objects:  85% (6/7)   Writing objects: 100% (7/7)   Writing objects: 100% (7/7), 805 bytes | 805.00 KiB/s, done.
Total 7 (delta 3), reused 0 (delta 0)
remote: Resolving deltas:   0% (0/3)   [Kremote: Resolving deltas:  33% (1/3)   [Kremote: Resolving deltas:  66% (2/3)   [Kremote: Resolving deltas: 100% (3/3)   [Kremote: Resolving deltas: 100% (3/3), completed with 3 local objects.[K
To github.com:thecbp/P8160_midterm_cheatsheet.git
   7147716..fb91263  master -> master
gi]0;~/Documents/columbia/S2019/Computing/midterm[?1034hChristians-MacBook-Pro-2:midterm christianpascual$ git p[Kstatis[K[Kis
git: 'statis' is not a git command. See 'git --help'.

The most similar command is
	status
]0;~/Documents/columbia/S2019/Computing/midtermChristians-MacBook-Pro-2:midterm christianpascual$ git statis[K[Kus
On branch master
Your branch is up to date with 'origin/master'.

Changes not staged for commit:
  (use "git add <file>..." to update what will be committed)
  (use "git checkout -- <file>..." to discard changes in working directory)

	[31mmodified:   .Rproj.user/F2A0B8DA/console06/CA16425A[m
	[31mmodified:   .Rproj.user/F2A0B8DA/console06/INDEX001[m
	[31mmodified:   algorithm-implementations.Rmd[m
	[31mmodified:   algorithm-implementations.html[m

Untracked files:
  (use "git add <file>..." to include in what will be committed)

	[31mk-means-attempt.Rmd[m

no changes added to commit (use "git add" and/or "git commit -a")
]0;~/Documents/columbia/S2019/Computing/midtermChristians-MacBook-Pro-2:midterm christianpascual$ gt[Kit add .
]0;~/Documents/columbia/S2019/Computing/midtermChristians-MacBook-Pro-2:midterm christianpascual$ git commit -am "Added section on K-Means"
[master e33ed2a] Added section on K-Means
 5 files changed, 254 insertions(+), 6 deletions(-)
 rewrite .Rproj.user/F2A0B8DA/console06/INDEX001 (86%)
 create mode 100644 k-means-attempt.Rmd
]0;~/Documents/columbia/S2019/Computing/midtermChristians-MacBook-Pro-2:midterm christianpascual$ git push
Enter passphrase for key '/Users/christianpascual/.ssh/id_rsa': 
Enumerating objects: 18, done.
Counting objects:   5% (1/18)   Counting objects:  11% (2/18)   Counting objects:  16% (3/18)   Counting objects:  22% (4/18)   Counting objects:  27% (5/18)   Counting objects:  33% (6/18)   Counting objects:  38% (7/18)   Counting objects:  44% (8/18)   Counting objects:  50% (9/18)   Counting objects:  55% (10/18)   Counting objects:  61% (11/18)   Counting objects:  66% (12/18)   Counting objects:  72% (13/18)   Counting objects:  77% (14/18)   Counting objects:  83% (15/18)   Counting objects:  88% (16/18)   Counting objects:  94% (17/18)   Counting objects: 100% (18/18)   Counting objects: 100% (18/18), done.
Delta compression using up to 8 threads
Compressing objects:  11% (1/9)   Compressing objects:  22% (2/9)   Compressing objects:  33% (3/9)   Compressing objects:  44% (4/9)   Compressing objects:  55% (5/9)   Compressing objects:  66% (6/9)   Compressing objects:  77% (7/9)   Compressing objects:  88% (8/9)   Compressing objects: 100% (9/9)   Compressing objects: 100% (9/9), done.
Writing objects:  10% (1/10)   Writing objects:  20% (2/10)   Writing objects:  30% (3/10)   Writing objects:  40% (4/10)   Writing objects:  50% (5/10)   Writing objects:  60% (6/10)   Writing objects:  70% (7/10)   Writing objects:  80% (8/10)   Writing objects:  90% (9/10)   Writing objects: 100% (10/10)   Writing objects: 100% (10/10), 3.75 KiB | 1.25 MiB/s, done.
Total 10 (delta 4), reused 0 (delta 0)
remote: Resolving deltas:   0% (0/4)   [Kremote: Resolving deltas:  25% (1/4)   [Kremote: Resolving deltas:  50% (2/4)   [Kremote: Resolving deltas:  75% (3/4)   [Kremote: Resolving deltas: 100% (4/4)   [Kremote: Resolving deltas: 100% (4/4), completed with 4 local objects.[K
To github.com:thecbp/P8160_midterm_cheatsheet.git
   fb91263..e33ed2a  master -> master
]0;~/Documents/columbia/S2019/Computing/midtermChristians-MacBook-Pro-2:midterm christianpascual$ git status
On branch master
Your branch is up to date with 'origin/master'.

Changes not staged for commit:
  (use "git add <file>..." to update what will be committed)
  (use "git checkout -- <file>..." to discard changes in working directory)

	[31mmodified:   .Rproj.user/F2A0B8DA/console06/CA16425A[m
	[31mmodified:   algorithm-implementations.Rmd[m
	[31mmodified:   k-means-attempt.Rmd[m

no changes added to commit (use "git add" and/or "git commit -a")
]0;~/Documents/columbia/S2019/Computing/midtermChristians-MacBook-Pro-2:midterm christianpascual$ git commit -am "K=neans a[K[K[K[K[K[K[K[K-means actu[K[K[K[Kimplemeted[K[K[Knted kinda"
[master 8cd1bc1] K-means implemented kinda
 3 files changed, 119 insertions(+), 57 deletions(-)
]0;~/Documents/columbia/S2019/Computing/midtermChristians-MacBook-Pro-2:midterm christianpascual$ git push
Enter passphrase for key '/Users/christianpascual/.ssh/id_rsa': 
Enumerating objects: 15, done.
Counting objects:   6% (1/15)   Counting objects:  13% (2/15)   Counting objects:  20% (3/15)   Counting objects:  26% (4/15)   Counting objects:  33% (5/15)   Counting objects:  40% (6/15)   Counting objects:  46% (7/15)   Counting objects:  53% (8/15)   Counting objects:  60% (9/15)   Counting objects:  66% (10/15)   Counting objects:  73% (11/15)   Counting objects:  80% (12/15)   Counting objects:  86% (13/15)   Counting objects:  93% (14/15)   Counting objects: 100% (15/15)   Counting objects: 100% (15/15), done.
Delta compression using up to 8 threads
Compressing objects:  14% (1/7)   Compressing objects:  28% (2/7)   Compressing objects:  42% (3/7)   Compressing objects:  57% (4/7)   Compressing objects:  71% (5/7)   Compressing objects:  85% (6/7)   Compressing objects: 100% (7/7)   Compressing objects: 100% (7/7), done.
Writing objects:  12% (1/8)   Writing objects:  25% (2/8)   Writing objects:  37% (3/8)   Writing objects:  50% (4/8)   Writing objects:  62% (5/8)   Writing objects:  75% (6/8)   Writing objects:  87% (7/8)   Writing objects: 100% (8/8)   Writing objects: 100% (8/8), 2.06 KiB | 44.00 KiB/s, done.
Total 8 (delta 4), reused 0 (delta 0)
remote: Resolving deltas:   0% (0/4)   [Kremote: Resolving deltas:  25% (1/4)   [Kremote: Resolving deltas:  50% (2/4)   [Kremote: Resolving deltas:  75% (3/4)   [Kremote: Resolving deltas: 100% (4/4)   [Kremote: Resolving deltas: 100% (4/4), completed with 4 local objects.[K
To github.com:thecbp/P8160_midterm_cheatsheet.git
   e33ed2a..8cd1bc1  master -> master
]0;~/Documents/columbia/S2019/Computing/midtermChristians-MacBook-Pro-2:midterm christianpascual$ gie[Kt status
On branch master
Your branch is up to date with 'origin/master'.

Changes not staged for commit:
  (use "git add <file>..." to update what will be committed)
  (use "git checkout -- <file>..." to discard changes in working directory)

	[31mmodified:   .Rproj.user/F2A0B8DA/console06/CA16425A[m
	[31mmodified:   k-means-attempt.Rmd[m

no changes added to commit (use "git add" and/or "git commit -a")
]0;~/Documents/columbia/S2019/Computing/midtermChristians-MacBook-Pro-2:midterm christianpascual$ git commot[K[Kit -am "Fina[K[K[K[KBIG TEST"